// Vitest Snapshot v1, https://vitest.dev/guide/snapshot.html

exports[`buildLayout — golden snapshots > is stable: medium fixture / owners expanded 1`] = `
{
  "arrows": [
    {
      "from": "c::m::Hub.h0",
      "kind": "ownership",
      "to": "c::m::H0",
      "waypoints": [
        [
          154.67,
          64,
        ],
        [
          198.67,
          64,
        ],
        [
          206.67,
          64,
        ],
        [
          206.67,
          44,
        ],
        [
          218.67,
          44,
        ],
      ],
    },
    {
      "from": "c::m::Hub.h1",
      "kind": "ownership",
      "to": "c::m::H1",
      "waypoints": [
        [
          154.67,
          80,
        ],
        [
          198.67,
          80,
        ],
        [
          206.67,
          80,
        ],
        [
          206.67,
          76,
        ],
        [
          218.67,
          76,
        ],
      ],
    },
    {
      "from": "c::m::Hub.h2",
      "kind": "ownership",
      "to": "c::m::H2",
      "waypoints": [
        [
          154.67,
          96,
        ],
        [
          198.67,
          96,
        ],
        [
          206.67,
          96,
        ],
        [
          206.67,
          108,
        ],
        [
          218.67,
          108,
        ],
      ],
    },
    {
      "from": "c::m::Hub.h3",
      "kind": "ownership",
      "to": "c::m::H3",
      "waypoints": [
        [
          154.67,
          112,
        ],
        [
          198.67,
          112,
        ],
        [
          198.67,
          92,
        ],
        [
          326.67,
          92,
        ],
        [
          326.67,
          44,
        ],
        [
          338.67,
          44,
        ],
      ],
    },
    {
      "from": "c::m::Hub.h4",
      "kind": "ownership",
      "to": "c::m::H4",
      "waypoints": [
        [
          154.67,
          128,
        ],
        [
          198.67,
          128,
        ],
        [
          326.67,
          128,
        ],
        [
          326.67,
          76,
        ],
        [
          338.67,
          76,
        ],
      ],
    },
    {
      "from": "c::m::Hub.h5",
      "kind": "ownership",
      "to": "c::m::H5",
      "waypoints": [
        [
          154.67,
          144,
        ],
        [
          198.67,
          144,
        ],
        [
          326.67,
          144,
        ],
        [
          326.67,
          108,
        ],
        [
          338.67,
          108,
        ],
      ],
    },
    {
      "from": "c::m::Hub.h6",
      "kind": "ownership",
      "to": "c::m::H6",
      "waypoints": [
        [
          154.67,
          160,
        ],
        [
          198.67,
          160,
        ],
        [
          446.67,
          160,
        ],
        [
          446.67,
          44,
        ],
        [
          458.67,
          44,
        ],
      ],
    },
    {
      "from": "c::m::Hub.h7",
      "kind": "ownership",
      "to": "c::m::H7",
      "waypoints": [
        [
          154.67,
          176,
        ],
        [
          198.67,
          176,
        ],
        [
          446.67,
          176,
        ],
        [
          446.67,
          76,
        ],
        [
          458.67,
          76,
        ],
      ],
    },
    {
      "from": "c::m::Root.r0",
      "kind": "ownership",
      "to": "c::m::R0",
      "waypoints": [
        [
          514.67,
          128,
        ],
        [
          558.67,
          128,
        ],
        [
          566.67,
          128,
        ],
        [
          566.67,
          44,
        ],
        [
          578.67,
          44,
        ],
      ],
    },
    {
      "from": "c::m::Root.r1",
      "kind": "ownership",
      "to": "c::m::R1",
      "waypoints": [
        [
          514.67,
          144,
        ],
        [
          558.67,
          144,
        ],
        [
          566.67,
          144,
        ],
        [
          566.67,
          76,
        ],
        [
          578.67,
          76,
        ],
      ],
    },
    {
      "from": "c::m::Root.r10",
      "kind": "ownership",
      "to": "c::m::R10",
      "waypoints": [
        [
          521.67,
          288,
        ],
        [
          558.67,
          288,
        ],
        [
          566.67,
          288,
        ],
        [
          566.67,
          108,
        ],
        [
          578.67,
          108,
        ],
      ],
    },
    {
      "from": "c::m::Root.r11",
      "kind": "ownership",
      "to": "c::m::R11",
      "waypoints": [
        [
          521.67,
          304,
        ],
        [
          558.67,
          304,
        ],
        [
          566.67,
          304,
        ],
        [
          566.67,
          140,
        ],
        [
          578.67,
          140,
        ],
      ],
    },
    {
      "from": "c::m::Root.r2",
      "kind": "ownership",
      "to": "c::m::R2",
      "waypoints": [
        [
          514.67,
          160,
        ],
        [
          558.67,
          160,
        ],
        [
          686.67,
          160,
        ],
        [
          686.67,
          44,
        ],
        [
          698.67,
          44,
        ],
      ],
    },
    {
      "from": "c::m::Root.r3",
      "kind": "ownership",
      "to": "c::m::R3",
      "waypoints": [
        [
          514.67,
          176,
        ],
        [
          558.67,
          176,
        ],
        [
          686.67,
          176,
        ],
        [
          686.67,
          76,
        ],
        [
          698.67,
          76,
        ],
      ],
    },
    {
      "from": "c::m::Root.r4",
      "kind": "ownership",
      "to": "c::m::R4",
      "waypoints": [
        [
          514.67,
          192,
        ],
        [
          558.67,
          192,
        ],
        [
          686.67,
          192,
        ],
        [
          686.67,
          108,
        ],
        [
          698.67,
          108,
        ],
      ],
    },
    {
      "from": "c::m::Root.r5",
      "kind": "ownership",
      "to": "c::m::R5",
      "waypoints": [
        [
          514.67,
          208,
        ],
        [
          558.67,
          208,
        ],
        [
          686.67,
          208,
        ],
        [
          686.67,
          140,
        ],
        [
          698.67,
          140,
        ],
      ],
    },
    {
      "from": "c::m::Root.r6",
      "kind": "ownership",
      "to": "c::m::R6",
      "waypoints": [
        [
          514.67,
          224,
        ],
        [
          558.67,
          224,
        ],
        [
          806.67,
          224,
        ],
        [
          806.67,
          44,
        ],
        [
          818.67,
          44,
        ],
      ],
    },
    {
      "from": "c::m::Root.r7",
      "kind": "ownership",
      "to": "c::m::R7",
      "waypoints": [
        [
          514.67,
          240,
        ],
        [
          558.67,
          240,
        ],
        [
          806.67,
          240,
        ],
        [
          806.67,
          76,
        ],
        [
          818.67,
          76,
        ],
      ],
    },
    {
      "from": "c::m::Root.r8",
      "kind": "ownership",
      "to": "c::m::R8",
      "waypoints": [
        [
          514.67,
          256,
        ],
        [
          558.67,
          256,
        ],
        [
          806.67,
          256,
        ],
        [
          806.67,
          108,
        ],
        [
          818.67,
          108,
        ],
      ],
    },
    {
      "from": "c::m::Root.r9",
      "kind": "ownership",
      "to": "c::m::R9",
      "waypoints": [
        [
          514.67,
          272,
        ],
        [
          558.67,
          272,
        ],
        [
          806.67,
          272,
        ],
        [
          806.67,
          140,
        ],
        [
          818.67,
          140,
        ],
      ],
    },
    {
      "from": "c::m::Tail.root",
      "kind": "ownership",
      "to": "c::m::Root",
      "waypoints": [
        [
          168.67,
          224,
        ],
        [
          198.67,
          224,
        ],
        [
          446.67,
          224,
        ],
        [
          446.67,
          108,
        ],
        [
          458.67,
          108,
        ],
      ],
    },
  ],
  "modules": [
    {
      "bandHeight": 24,
      "expanded": true,
      "id": "c",
      "y": 8,
    },
    {
      "bandHeight": 288,
      "expanded": true,
      "id": "c::m",
      "y": 32,
    },
  ],
  "totalHeight": 320,
  "totalWidth": 914.67,
  "types": [
    {
      "box": [
        218.67,
        32,
        96,
        24,
      ],
      "expanded": false,
      "fieldCount": 0,
      "height": 24,
      "id": "c::m::H0",
      "width": 96,
      "x": 218.67,
      "y": 44,
    },
    {
      "box": [
        218.67,
        64,
        96,
        24,
      ],
      "expanded": false,
      "fieldCount": 0,
      "height": 24,
      "id": "c::m::H1",
      "width": 96,
      "x": 218.67,
      "y": 76,
    },
    {
      "box": [
        218.67,
        96,
        96,
        24,
      ],
      "expanded": false,
      "fieldCount": 0,
      "height": 24,
      "id": "c::m::H2",
      "width": 96,
      "x": 218.67,
      "y": 108,
    },
    {
      "box": [
        338.67,
        32,
        96,
        24,
      ],
      "expanded": false,
      "fieldCount": 0,
      "height": 24,
      "id": "c::m::H3",
      "width": 96,
      "x": 338.67,
      "y": 44,
    },
    {
      "box": [
        338.67,
        64,
        96,
        24,
      ],
      "expanded": false,
      "fieldCount": 0,
      "height": 24,
      "id": "c::m::H4",
      "width": 96,
      "x": 338.67,
      "y": 76,
    },
    {
      "box": [
        338.67,
        96,
        96,
        24,
      ],
      "expanded": false,
      "fieldCount": 0,
      "height": 24,
      "id": "c::m::H5",
      "width": 96,
      "x": 338.67,
      "y": 108,
    },
    {
      "box": [
        458.67,
        32,
        96,
        24,
      ],
      "expanded": false,
      "fieldCount": 0,
      "height": 24,
      "id": "c::m::H6",
      "width": 96,
      "x": 458.67,
      "y": 44,
    },
    {
      "box": [
        458.67,
        64,
        96,
        24,
      ],
      "expanded": false,
      "fieldCount": 0,
      "height": 24,
      "id": "c::m::H7",
      "width": 96,
      "x": 458.67,
      "y": 76,
    },
    {
      "box": [
        98.67,
        32,
        96,
        152,
      ],
      "expanded": true,
      "fieldCount": 8,
      "height": 152,
      "id": "c::m::Hub",
      "width": 96,
      "x": 98.67,
      "y": 44,
    },
    {
      "box": [
        578.67,
        32,
        96,
        24,
      ],
      "expanded": false,
      "fieldCount": 0,
      "height": 24,
      "id": "c::m::R0",
      "width": 96,
      "x": 578.67,
      "y": 44,
    },
    {
      "box": [
        578.67,
        64,
        96,
        24,
      ],
      "expanded": false,
      "fieldCount": 0,
      "height": 24,
      "id": "c::m::R1",
      "width": 96,
      "x": 578.67,
      "y": 76,
    },
    {
      "box": [
        578.67,
        96,
        96,
        24,
      ],
      "expanded": false,
      "fieldCount": 0,
      "height": 24,
      "id": "c::m::R10",
      "width": 96,
      "x": 578.67,
      "y": 108,
    },
    {
      "box": [
        578.67,
        128,
        96,
        24,
      ],
      "expanded": false,
      "fieldCount": 0,
      "height": 24,
      "id": "c::m::R11",
      "width": 96,
      "x": 578.67,
      "y": 140,
    },
    {
      "box": [
        698.67,
        32,
        96,
        24,
      ],
      "expanded": false,
      "fieldCount": 0,
      "height": 24,
      "id": "c::m::R2",
      "width": 96,
      "x": 698.67,
      "y": 44,
    },
    {
      "box": [
        698.67,
        64,
        96,
        24,
      ],
      "expanded": false,
      "fieldCount": 0,
      "height": 24,
      "id": "c::m::R3",
      "width": 96,
      "x": 698.67,
      "y": 76,
    },
    {
      "box": [
        698.67,
        96,
        96,
        24,
      ],
      "expanded": false,
      "fieldCount": 0,
      "height": 24,
      "id": "c::m::R4",
      "width": 96,
      "x": 698.67,
      "y": 108,
    },
    {
      "box": [
        698.67,
        128,
        96,
        24,
      ],
      "expanded": false,
      "fieldCount": 0,
      "height": 24,
      "id": "c::m::R5",
      "width": 96,
      "x": 698.67,
      "y": 140,
    },
    {
      "box": [
        818.67,
        32,
        96,
        24,
      ],
      "expanded": false,
      "fieldCount": 0,
      "height": 24,
      "id": "c::m::R6",
      "width": 96,
      "x": 818.67,
      "y": 44,
    },
    {
      "box": [
        818.67,
        64,
        96,
        24,
      ],
      "expanded": false,
      "fieldCount": 0,
      "height": 24,
      "id": "c::m::R7",
      "width": 96,
      "x": 818.67,
      "y": 76,
    },
    {
      "box": [
        818.67,
        96,
        96,
        24,
      ],
      "expanded": false,
      "fieldCount": 0,
      "height": 24,
      "id": "c::m::R8",
      "width": 96,
      "x": 818.67,
      "y": 108,
    },
    {
      "box": [
        818.67,
        128,
        96,
        24,
      ],
      "expanded": false,
      "fieldCount": 0,
      "height": 24,
      "id": "c::m::R9",
      "width": 96,
      "x": 818.67,
      "y": 140,
    },
    {
      "box": [
        458.67,
        96,
        96,
        216,
      ],
      "expanded": true,
      "fieldCount": 12,
      "height": 216,
      "id": "c::m::Root",
      "width": 96,
      "x": 458.67,
      "y": 108,
    },
    {
      "box": [
        98.67,
        192,
        96,
        40,
      ],
      "expanded": true,
      "fieldCount": 1,
      "height": 40,
      "id": "c::m::Tail",
      "width": 96,
      "x": 98.67,
      "y": 204,
    },
  ],
}
`;

exports[`buildLayout — golden snapshots > is stable: small / collapsed (crate root only) 1`] = `
{
  "arrows": [],
  "modules": [
    {
      "bandHeight": 32,
      "expanded": true,
      "id": "c",
      "y": 8,
    },
    {
      "bandHeight": 24,
      "expanded": false,
      "id": "c::core",
      "y": 40,
    },
    {
      "bandHeight": 24,
      "expanded": false,
      "id": "c::render",
      "y": 64,
    },
  ],
  "totalHeight": 88,
  "totalWidth": 235.5,
  "types": [
    {
      "box": [
        139.5,
        8,
        96,
        24,
      ],
      "expanded": false,
      "fieldCount": 0,
      "height": 24,
      "id": "c::App",
      "width": 96,
      "x": 139.5,
      "y": 20,
    },
  ],
}
`;

exports[`buildLayout — golden snapshots > is stable: small / owners expanded 1`] = `
{
  "arrows": [
    {
      "from": "c::App.engine",
      "kind": "ownership",
      "to": "c::core::Engine",
      "waypoints": [
        [
          223.5,
          40,
        ],
        [
          239.5,
          40,
        ],
        [
          247.5,
          40,
        ],
        [
          247.5,
          84,
        ],
        [
          259.5,
          84,
        ],
      ],
    },
    {
      "from": "c::App.renderer",
      "kind": "ownership",
      "to": "c::render::Renderer",
      "waypoints": [
        [
          237.5,
          56,
        ],
        [
          241.5,
          56,
        ],
        [
          247.5,
          56,
        ],
        [
          247.5,
          132,
        ],
        [
          259.5,
          132,
        ],
      ],
    },
    {
      "from": "c::core::Engine.cyl",
      "kind": "ownership",
      "to": "c::core::Cylinder",
      "waypoints": [
        [
          322.5,
          104,
        ],
        [
          359.5,
          104,
        ],
        [
          367.5,
          104,
        ],
        [
          367.5,
          84,
        ],
        [
          379.5,
          84,
        ],
      ],
    },
    {
      "from": "c::render::Renderer.pix",
      "kind": "ownership",
      "to": "c::render::Pixel",
      "waypoints": [
        [
          322.5,
          152,
        ],
        [
          371.67,
          152,
        ],
        [
          383.5,
          152,
        ],
        [
          383.5,
          132,
        ],
        [
          395.5,
          132,
        ],
      ],
    },
  ],
  "modules": [
    {
      "bandHeight": 64,
      "expanded": true,
      "id": "c",
      "y": 8,
    },
    {
      "bandHeight": 48,
      "expanded": true,
      "id": "c::core",
      "y": 72,
    },
    {
      "bandHeight": 48,
      "expanded": true,
      "id": "c::render",
      "y": 120,
    },
  ],
  "totalHeight": 168,
  "totalWidth": 491.5,
  "types": [
    {
      "box": [
        139.5,
        8,
        96,
        56,
      ],
      "expanded": true,
      "fieldCount": 2,
      "height": 56,
      "id": "c::App",
      "width": 96,
      "x": 139.5,
      "y": 20,
    },
    {
      "box": [
        379.5,
        72,
        96,
        24,
      ],
      "expanded": false,
      "fieldCount": 0,
      "height": 24,
      "id": "c::core::Cylinder",
      "width": 96,
      "x": 379.5,
      "y": 84,
    },
    {
      "box": [
        259.5,
        72,
        96,
        40,
      ],
      "expanded": true,
      "fieldCount": 1,
      "height": 40,
      "id": "c::core::Engine",
      "width": 96,
      "x": 259.5,
      "y": 84,
    },
    {
      "box": [
        395.5,
        120,
        96,
        24,
      ],
      "expanded": false,
      "fieldCount": 0,
      "height": 24,
      "id": "c::render::Pixel",
      "width": 96,
      "x": 395.5,
      "y": 132,
    },
    {
      "box": [
        259.5,
        120,
        108.17,
        40,
      ],
      "expanded": true,
      "fieldCount": 1,
      "height": 40,
      "id": "c::render::Renderer",
      "width": 108.17,
      "x": 259.5,
      "y": 132,
    },
  ],
}
`;
